Archive member included to satisfy reference by file (symbol)

f:/hoc tap/hardware/microcontrol/stm32cubeide_1.7.0/stm32cubeide/plugins/com.st.stm32cube.ide.mcu.externaltools.gnu-tools-for-stm32.9-2020-q2-update.win32_2.0.0.202105311346/tools/bin/../lib/gcc/arm-none-eabi/9.3.1/../../../../arm-none-eabi/lib/thumb/v7-m/nofp\libc_nano.a(lib_a-errno.o)
                              ./Core/Src/syscalls.o (__errno)
f:/hoc tap/hardware/microcontrol/stm32cubeide_1.7.0/stm32cubeide/plugins/com.st.stm32cube.ide.mcu.externaltools.gnu-tools-for-stm32.9-2020-q2-update.win32_2.0.0.202105311346/tools/bin/../lib/gcc/arm-none-eabi/9.3.1/../../../../arm-none-eabi/lib/thumb/v7-m/nofp\libc_nano.a(lib_a-exit.o)
                              f:/hoc tap/hardware/microcontrol/stm32cubeide_1.7.0/stm32cubeide/plugins/com.st.stm32cube.ide.mcu.externaltools.gnu-tools-for-stm32.9-2020-q2-update.win32_2.0.0.202105311346/tools/bin/../lib/gcc/arm-none-eabi/9.3.1/../../../../arm-none-eabi/lib/thumb/v7-m/nofp/crt0.o (exit)
f:/hoc tap/hardware/microcontrol/stm32cubeide_1.7.0/stm32cubeide/plugins/com.st.stm32cube.ide.mcu.externaltools.gnu-tools-for-stm32.9-2020-q2-update.win32_2.0.0.202105311346/tools/bin/../lib/gcc/arm-none-eabi/9.3.1/../../../../arm-none-eabi/lib/thumb/v7-m/nofp\libc_nano.a(lib_a-impure.o)
                              f:/hoc tap/hardware/microcontrol/stm32cubeide_1.7.0/stm32cubeide/plugins/com.st.stm32cube.ide.mcu.externaltools.gnu-tools-for-stm32.9-2020-q2-update.win32_2.0.0.202105311346/tools/bin/../lib/gcc/arm-none-eabi/9.3.1/../../../../arm-none-eabi/lib/thumb/v7-m/nofp\libc_nano.a(lib_a-exit.o) (_global_impure_ptr)
f:/hoc tap/hardware/microcontrol/stm32cubeide_1.7.0/stm32cubeide/plugins/com.st.stm32cube.ide.mcu.externaltools.gnu-tools-for-stm32.9-2020-q2-update.win32_2.0.0.202105311346/tools/bin/../lib/gcc/arm-none-eabi/9.3.1/../../../../arm-none-eabi/lib/thumb/v7-m/nofp\libc_nano.a(lib_a-init.o)
                              f:/hoc tap/hardware/microcontrol/stm32cubeide_1.7.0/stm32cubeide/plugins/com.st.stm32cube.ide.mcu.externaltools.gnu-tools-for-stm32.9-2020-q2-update.win32_2.0.0.202105311346/tools/bin/../lib/gcc/arm-none-eabi/9.3.1/../../../../arm-none-eabi/lib/thumb/v7-m/nofp/crt0.o (__libc_init_array)
f:/hoc tap/hardware/microcontrol/stm32cubeide_1.7.0/stm32cubeide/plugins/com.st.stm32cube.ide.mcu.externaltools.gnu-tools-for-stm32.9-2020-q2-update.win32_2.0.0.202105311346/tools/bin/../lib/gcc/arm-none-eabi/9.3.1/../../../../arm-none-eabi/lib/thumb/v7-m/nofp\libc_nano.a(lib_a-memset.o)
                              f:/hoc tap/hardware/microcontrol/stm32cubeide_1.7.0/stm32cubeide/plugins/com.st.stm32cube.ide.mcu.externaltools.gnu-tools-for-stm32.9-2020-q2-update.win32_2.0.0.202105311346/tools/bin/../lib/gcc/arm-none-eabi/9.3.1/../../../../arm-none-eabi/lib/thumb/v7-m/nofp/crt0.o (memset)

Allocating common symbols
Common symbol       size              file

uwTick              0x4               ./Drivers/STM32F1xx_HAL_Driver/Src/stm32f1xx_hal.o
temp                0x4               ./Core/Src/fsm_manual.o
pFlash              0x20              ./Drivers/STM32F1xx_HAL_Driver/Src/stm32f1xx_hal_flash.o
htim2               0x48              ./Core/Src/main.o

Discarded input sections

 .text          0x0000000000000000        0x0 f:/hoc tap/hardware/microcontrol/stm32cubeide_1.7.0/stm32cubeide/plugins/com.st.stm32cube.ide.mcu.externaltools.gnu-tools-for-stm32.9-2020-q2-update.win32_2.0.0.202105311346/tools/bin/../lib/gcc/arm-none-eabi/9.3.1/thumb/v7-m/nofp/crti.o
 .data          0x0000000000000000        0x0 f:/hoc tap/hardware/microcontrol/stm32cubeide_1.7.0/stm32cubeide/plugins/com.st.stm32cube.ide.mcu.externaltools.gnu-tools-for-stm32.9-2020-q2-update.win32_2.0.0.202105311346/tools/bin/../lib/gcc/arm-none-eabi/9.3.1/thumb/v7-m/nofp/crti.o
 .bss           0x0000000000000000        0x0 f:/hoc tap/hardware/microcontrol/stm32cubeide_1.7.0/stm32cubeide/plugins/com.st.stm32cube.ide.mcu.externaltools.gnu-tools-for-stm32.9-2020-q2-update.win32_2.0.0.202105311346/tools/bin/../lib/gcc/arm-none-eabi/9.3.1/thumb/v7-m/nofp/crti.o
 .data          0x0000000000000000        0x4 f:/hoc tap/hardware/microcontrol/stm32cubeide_1.7.0/stm32cubeide/plugins/com.st.stm32cube.ide.mcu.externaltools.gnu-tools-for-stm32.9-2020-q2-update.win32_2.0.0.202105311346/tools/bin/../lib/gcc/arm-none-eabi/9.3.1/thumb/v7-m/nofp/crtbegin.o
 .text          0x0000000000000000       0x7c f:/hoc tap/hardware/microcontrol/stm32cubeide_1.7.0/stm32cubeide/plugins/com.st.stm32cube.ide.mcu.externaltools.gnu-tools-for-stm32.9-2020-q2-update.win32_2.0.0.202105311346/tools/bin/../lib/gcc/arm-none-eabi/9.3.1/../../../../arm-none-eabi/lib/thumb/v7-m/nofp/crt0.o
[...]
Memory Configuration

Name             Origin             Length             Attributes
RAM              0x0000000020000000 0x0000000000002800 xrw
FLASH            0x0000000008000000 0x0000000000008000 xr
*default*        0x0000000000000000 0xffffffffffffffff

Linker script and memory map

LOAD f:/hoc tap/hardware/microcontrol/stm32cubeide_1.7.0/stm32cubeide/plugins/com.st.stm32cube.ide.mcu.externaltools.gnu-tools-for-stm32.9-2020-q2-update.win32_2.0.0.202105311346/tools/bin/../lib/gcc/arm-none-eabi/9.3.1/thumb/v7-m/nofp/crti.o
LOAD f:/hoc tap/hardware/microcontrol/stm32cubeide_1.7.0/stm32cubeide/plugins/com.st.stm32cube.ide.mcu.externaltools.gnu-tools-for-stm32.9-2020-q2-update.win32_2.0.0.202105311346/tools/bin/../lib/gcc/arm-none-eabi/9.3.1/thumb/v7-m/nofp/crtbegin.o
LOAD f:/hoc tap/hardware/microcontrol/stm32cubeide_1.7.0/stm32cubeide/plugins/com.st.stm32cube.ide.mcu.externaltools.gnu-tools-for-stm32.9-2020-q2-update.win32_2.0.0.202105311346/tools/bin/../lib/gcc/arm-none-eabi/9.3.1/../../../../arm-none-eabi/lib/thumb/v7-m/nofp/crt0.o
LOAD ./Core/Src/Component.o
LOAD ./Core/Src/Component_1.o
LOAD ./Core/Src/button.o
LOAD ./Core/Src/fsm_automatic.o
LOAD ./Core/Src/fsm_manual.o
LOAD ./Core/Src/fsm_setting.o
LOAD ./Core/Src/led_traffic.o
LOAD ./Core/Src/main.o
LOAD ./Core/Src/software_timer.o
LOAD ./Core/Src/stm32f1xx_hal_msp.o
LOAD ./Core/Src/stm32f1xx_it.o
LOAD ./Core/Src/syscalls.o
LOAD ./Core/Src/sysmem.o
LOAD ./Core/Src/system_stm32f1xx.o
LOAD ./Core/Startup/startup_stm32f103c6tx.o
LOAD ./Drivers/STM32F1xx_HAL_Driver/Src/stm32f1xx_hal.o
LOAD ./Drivers/STM32F1xx_HAL_Driver/Src/stm32f1xx_hal_cortex.o
LOAD ./Drivers/STM32F1xx_HAL_Driver/Src/stm32f1xx_hal_dma.o
LOAD ./Drivers/STM32F1xx_HAL_Driver/Src/stm32f1xx_hal_exti.o
LOAD ./Drivers/STM32F1xx_HAL_Driver/Src/stm32f1xx_hal_flash.o
LOAD ./Drivers/STM32F1xx_HAL_Driver/Src/stm32f1xx_hal_flash_ex.o
LOAD ./Drivers/STM32F1xx_HAL_Driver/Src/stm32f1xx_hal_gpio.o
LOAD ./Drivers/STM32F1xx_HAL_Driver/Src/stm32f1xx_hal_gpio_ex.o
LOAD ./Drivers/STM32F1xx_HAL_Driver/Src/stm32f1xx_hal_pwr.o
LOAD ./Drivers/STM32F1xx_HAL_Driver/Src/stm32f1xx_hal_rcc.o
LOAD ./Drivers/STM32F1xx_HAL_Driver/Src/stm32f1xx_hal_rcc_ex.o
LOAD ./Drivers/STM32F1xx_HAL_Driver/Src/stm32f1xx_hal_tim.o
LOAD ./Drivers/STM32F1xx_HAL_Driver/Src/stm32f1xx_hal_tim_ex.o
START GROUP
LOAD f:/hoc tap/hardware/microcontrol/stm32cubeide_1.7.0/stm32cubeide/plugins/com.st.stm32cube.ide.mcu.externaltools.gnu-tools-for-stm32.9-2020-q2-update.win32_2.0.0.202105311346/tools/bin/../lib/gcc/arm-none-eabi/9.3.1/../../../../arm-none-eabi/lib/thumb/v7-m/nofp\libc_nano.a
LOAD f:/hoc tap/hardware/microcontrol/stm32cubeide_1.7.0/stm32cubeide/plugins/com.st.stm32cube.ide.mcu.externaltools.gnu-tools-for-stm32.9-2020-q2-update.win32_2.0.0.202105311346/tools/bin/../lib/gcc/arm-none-eabi/9.3.1/../../../../arm-none-eabi/lib/thumb/v7-m/nofp\libm.a
END GROUP
START GROUP
LOAD f:/hoc tap/hardware/microcontrol/stm32cubeide_1.7.0/stm32cubeide/plugins/com.st.stm32cube.ide.mcu.externaltools.gnu-tools-for-stm32.9-2020-q2-update.win32_2.0.0.202105311346/tools/bin/../lib/gcc/arm-none-eabi/9.3.1/thumb/v7-m/nofp\libgcc.a
LOAD f:/hoc tap/hardware/microcontrol/stm32cubeide_1.7.0/stm32cubeide/plugins/com.st.stm32cube.ide.mcu.externaltools.gnu-tools-for-stm32.9-2020-q2-update.win32_2.0.0.202105311346/tools/bin/../lib/gcc/arm-none-eabi/9.3.1/../../../../arm-none-eabi/lib/thumb/v7-m/nofp\libc_nano.a
END GROUP
START GROUP
LOAD f:/hoc tap/hardware/microcontrol/stm32cubeide_1.7.0/stm32cubeide/plugins/com.st.stm32cube.ide.mcu.externaltools.gnu-tools-for-stm32.9-2020-q2-update.win32_2.0.0.202105311346/tools/bin/../lib/gcc/arm-none-eabi/9.3.1/thumb/v7-m/nofp\libgcc.a
LOAD f:/hoc tap/hardware/microcontrol/stm32cubeide_1.7.0/stm32cubeide/plugins/com.st.stm32cube.ide.mcu.externaltools.gnu-tools-for-stm32.9-2020-q2-update.win32_2.0.0.202105311346/tools/bin/../lib/gcc/arm-none-eabi/9.3.1/../../../../arm-none-eabi/lib/thumb/v7-m/nofp\libc_nano.a
LOAD f:/hoc tap/hardware/microcontrol/stm32cubeide_1.7.0/stm32cubeide/plugins/com.st.stm32cube.ide.mcu.externaltools.gnu-tools-for-stm32.9-2020-q2-update.win32_2.0.0.202105311346/tools/bin/../lib/gcc/arm-none-eabi/9.3.1/../../../../arm-none-eabi/lib/thumb/v7-m/nofp\libnosys.a
END GROUP
START GROUP
LOAD f:/hoc tap/hardware/microcontrol/stm32cubeide_1.7.0/stm32cubeide/plugins/com.st.stm32cube.ide.mcu.externaltools.gnu-tools-for-stm32.9-2020-q2-update.win32_2.0.0.202105311346/tools/bin/../lib/gcc/arm-none-eabi/9.3.1/thumb/v7-m/nofp\libgcc.a
LOAD f:/hoc tap/hardware/microcontrol/stm32cubeide_1.7.0/stm32cubeide/plugins/com.st.stm32cube.ide.mcu.externaltools.gnu-tools-for-stm32.9-2020-q2-update.win32_2.0.0.202105311346/tools/bin/../lib/gcc/arm-none-eabi/9.3.1/../../../../arm-none-eabi/lib/thumb/v7-m/nofp\libc_nano.a
LOAD f:/hoc tap/hardware/microcontrol/stm32cubeide_1.7.0/stm32cubeide/plugins/com.st.stm32cube.ide.mcu.externaltools.gnu-tools-for-stm32.9-2020-q2-update.win32_2.0.0.202105311346/tools/bin/../lib/gcc/arm-none-eabi/9.3.1/../../../../arm-none-eabi/lib/thumb/v7-m/nofp\libnosys.a
END GROUP
LOAD f:/hoc tap/hardware/microcontrol/stm32cubeide_1.7.0/stm32cubeide/plugins/com.st.stm32cube.ide.mcu.externaltools.gnu-tools-for-stm32.9-2020-q2-update.win32_2.0.0.202105311346/tools/bin/../lib/gcc/arm-none-eabi/9.3.1/thumb/v7-m/nofp/crtend.o
LOAD f:/hoc tap/hardware/microcontrol/stm32cubeide_1.7.0/stm32cubeide/plugins/com.st.stm32cube.ide.mcu.externaltools.gnu-tools-for-stm32.9-2020-q2-update.win32_2.0.0.202105311346/tools/bin/../lib/gcc/arm-none-eabi/9.3.1/thumb/v7-m/nofp/crtn.o
                0x0000000020002800                _estack = (ORIGIN (RAM) + LENGTH (RAM))
                0x0000000000000200                _Min_Heap_Size = 0x200
                0x0000000000000400                _Min_Stack_Size = 0x400

.isr_vector     0x0000000008000000      0x10c
                0x0000000008000000                . = ALIGN (0x4)
 *(.isr_vector)
 .isr_vector    0x0000000008000000      0x10c ./Core/Startup/startup_stm32f103c6tx.o
                0x0000000008000000                g_pfnVectors
                0x000000000800010c                . = ALIGN (0x4)

.text           0x000000000800010c     0x2ee8
                0x000000000800010c                . = ALIGN (0x4)
 *(.text)
 .text          0x000000000800010c       0x40 f:/hoc tap/hardware/microcontrol/stm32cubeide_1.7.0/stm32cubeide/plugins/com.st.stm32cube.ide.mcu.externaltools.gnu-tools-for-stm32.9-2020-q2-update.win32_2.0.0.202105311346/tools/bin/../lib/gcc/arm-none-eabi/9.3.1/thumb/v7-m/nofp/crtbegin.o
 *(.text*)
 .text.Khong    0x000000000800014c       0x60 ./Core/Src/Component.o
                0x000000000800014c                Khong
 .text.Mot      0x00000000080001ac       0x60 ./Core/Src/Component.o
                0x00000000080001ac                Mot
 .text.Hai      0x000000000800020c       0x60 ./Core/Src/Component.o
                0x000000000800020c                Hai
 .text.Ba       0x000000000800026c       0x60 ./Core/Src/Component.o
                0x000000000800026c                Ba
 .text.Bon      0x00000000080002cc       0x60 ./Core/Src/Component.o
                0x00000000080002cc                Bon
 .text.Nam      0x000000000800032c       0x60 ./Core/Src/Component.o
                0x000000000800032c                Nam
 .text.Sau      0x000000000800038c       0x60 ./Core/Src/Component.o
                0x000000000800038c                Sau
 .text.Bay      0x00000000080003ec       0x60 ./Core/Src/Component.o
                0x00000000080003ec                Bay
 .text.Tam      0x000000000800044c       0x60 ./Core/Src/Component.o
                0x000000000800044c                Tam
 .text.Chin     0x00000000080004ac       0x60 ./Core/Src/Component.o
                0x00000000080004ac                Chin
 .text.display7SEG
                0x000000000800050c       0x80 ./Core/Src/Component.o
                0x000000000800050c                display7SEG
 .text.Khong_1  0x000000000800058c       0x54 ./Core/Src/Component_1.o
                0x000000000800058c                Khong_1
 .text.Mot_1    0x00000000080005e0       0x54 ./Core/Src/Component_1.o
                0x00000000080005e0                Mot_1
 .text.Hai_1    0x0000000008000634       0x54 ./Core/Src/Component_1.o
                0x0000000008000634                Hai_1
 .text.Ba_1     0x0000000008000688       0x54 ./Core/Src/Component_1.o
                0x0000000008000688                Ba_1
 .text.Bon_1    0x00000000080006dc       0x54 ./Core/Src/Component_1.o
                0x00000000080006dc                Bon_1
 .text.Nam_1    0x0000000008000730       0x54 ./Core/Src/Component_1.o
                0x0000000008000730                Nam_1
 .text.Sau_1    0x0000000008000784       0x54 ./Core/Src/Component_1.o
                0x0000000008000784                Sau_1
 .text.Bay_1    0x00000000080007d8       0x54 ./Core/Src/Component_1.o
                0x00000000080007d8                Bay_1
 .text.Tam_1    0x000000000800082c       0x54 ./Core/Src/Component_1.o
                0x000000000800082c                Tam_1
 .text.Chin_1   0x0000000008000880       0x54 ./Core/Src/Component_1.o
                0x0000000008000880                Chin_1
 .text.display7SEG_1
                0x00000000080008d4       0x80 ./Core/Src/Component_1.o
                0x00000000080008d4                display7SEG_1
 .text.subKeyProcess
                0x0000000008000954       0x3c ./Core/Src/button.o
                0x0000000008000954                subKeyProcess
 .text.getKeyInput
                0x0000000008000990      0x160 ./Core/Src/button.o
                0x0000000008000990                getKeyInput
 .text.Reset    0x0000000008000af0       0xd0 ./Core/Src/fsm_automatic.o
                0x0000000008000af0                Reset
 .text.case1    0x0000000008000bc0      0x340 ./Core/Src/fsm_automatic.o
                0x0000000008000bc0                case1
 .text.case2    0x0000000008000f00      0x168 ./Core/Src/fsm_automatic.o
                0x0000000008000f00                case2
 .text.fsm_manual
                0x0000000008001068      0x2e4 ./Core/Src/fsm_manual.o
                0x0000000008001068                fsm_manual
 .text.turn_Led7SEG
                0x000000000800134c       0x60 ./Core/Src/fsm_setting.o
                0x000000000800134c                turn_Led7SEG
 .text.setup_Led7SEG
                0x00000000080013ac       0x90 ./Core/Src/fsm_setting.o
                0x00000000080013ac                setup_Led7SEG
 .text.fsm_setting
                0x000000000800143c        0xc ./Core/Src/fsm_setting.o
                0x000000000800143c                fsm_setting
 .text.LED_RED_1
                0x0000000008001448       0x30 ./Core/Src/led_traffic.o
                0x0000000008001448                LED_RED_1
 .text.LED_GREEN_1
                0x0000000008001478       0x30 ./Core/Src/led_traffic.o
                0x0000000008001478                LED_GREEN_1
 .text.LED_YELLOW_1
                0x00000000080014a8       0x30 ./Core/Src/led_traffic.o
                0x00000000080014a8                LED_YELLOW_1
 .text.LED_RED_2
                0x00000000080014d8       0x30 ./Core/Src/led_traffic.o
                0x00000000080014d8                LED_RED_2
 .text.LED_GREEN_2
                0x0000000008001508       0x30 ./Core/Src/led_traffic.o
                0x0000000008001508                LED_GREEN_2
 .text.LED_YELLOW_2
                0x0000000008001538       0x30 ./Core/Src/led_traffic.o
                0x0000000008001538                LED_YELLOW_2
 .text.main     0x0000000008001568       0x48 ./Core/Src/main.o
                0x0000000008001568                main
 .text.SystemClock_Config
                0x00000000080015b0       0x76 ./Core/Src/main.o
                0x00000000080015b0                SystemClock_Config
 *fill*         0x0000000008001626        0x2 
 .text.MX_TIM2_Init
                0x0000000008001628       0x98 ./Core/Src/main.o
 .text.MX_GPIO_Init
                0x00000000080016c0       0xc4 ./Core/Src/main.o
 .text.HAL_TIM_PeriodElapsedCallback
                0x0000000008001784       0x18 ./Core/Src/main.o
                0x0000000008001784                HAL_TIM_PeriodElapsedCallback
 .text.Error_Handler
                0x000000000800179c        0xa ./Core/Src/main.o
                0x000000000800179c                Error_Handler
 *fill*         0x00000000080017a6        0x2 
 .text.setTimer
                0x00000000080017a8       0x30 ./Core/Src/software_timer.o
                0x00000000080017a8                setTimer
 .text.timer_run
                0x00000000080017d8       0x50 ./Core/Src/software_timer.o
                0x00000000080017d8                timer_run
 .text.timerRun
                0x0000000008001828       0x20 ./Core/Src/software_timer.o
                0x0000000008001828                timerRun
 .text.HAL_MspInit
                0x0000000008001848       0x64 ./Core/Src/stm32f1xx_hal_msp.o
                0x0000000008001848                HAL_MspInit
 .text.HAL_TIM_Base_MspInit
                0x00000000080018ac       0x48 ./Core/Src/stm32f1xx_hal_msp.o
                0x00000000080018ac                HAL_TIM_Base_MspInit
 .text.NMI_Handler
                0x00000000080018f4        0x6 ./Core/Src/stm32f1xx_it.o
                0x00000000080018f4                NMI_Handler
 .text.HardFault_Handler
                0x00000000080018fa        0x6 ./Core/Src/stm32f1xx_it.o
                0x00000000080018fa                HardFault_Handler
 .text.MemManage_Handler
                0x0000000008001900        0x6 ./Core/Src/stm32f1xx_it.o
                0x0000000008001900                MemManage_Handler
 .text.BusFault_Handler
                0x0000000008001906        0x6 ./Core/Src/stm32f1xx_it.o
                0x0000000008001906                BusFault_Handler
 .text.UsageFault_Handler
                0x000000000800190c        0x6 ./Core/Src/stm32f1xx_it.o
                0x000000000800190c                UsageFault_Handler
 .text.SVC_Handler
                0x0000000008001912        0xc ./Core/Src/stm32f1xx_it.o
                0x0000000008001912                SVC_Handler
 .text.DebugMon_Handler
                0x000000000800191e        0xc ./Core/Src/stm32f1xx_it.o
                0x000000000800191e                DebugMon_Handler
 .text.PendSV_Handler
                0x000000000800192a        0xc ./Core/Src/stm32f1xx_it.o
                0x000000000800192a                PendSV_Handler
 .text.SysTick_Handler
                0x0000000008001936        0xc ./Core/Src/stm32f1xx_it.o
                0x0000000008001936                SysTick_Handler
 *fill*         0x0000000008001942        0x2 
 .text.TIM2_IRQHandler
                0x0000000008001944       0x14 ./Core/Src/stm32f1xx_it.o
                0x0000000008001944                TIM2_IRQHandler
 .text.SystemInit
                0x0000000008001958        0xc ./Core/Src/system_stm32f1xx.o
                0x0000000008001958                SystemInit
 .text.Reset_Handler
                0x0000000008001964       0x48 ./Core/Startup/startup_stm32f103c6tx.o
                0x0000000008001964                Reset_Handler
 .text.Default_Handler
                0x00000000080019ac        0x2 ./Core/Startup/startup_stm32f103c6tx.o
                0x00000000080019ac                RTC_Alarm_IRQHandler
                0x00000000080019ac                EXTI2_IRQHandler
                0x00000000080019ac                TIM1_CC_IRQHandler
                0x00000000080019ac                PVD_IRQHandler
                0x00000000080019ac                EXTI3_IRQHandler
                0x00000000080019ac                EXTI0_IRQHandler
                0x00000000080019ac                ADC1_2_IRQHandler
                0x00000000080019ac                SPI1_IRQHandler
                0x00000000080019ac                TAMPER_IRQHandler
                0x00000000080019ac                DMA1_Channel4_IRQHandler
                0x00000000080019ac                RTC_IRQHandler
                0x00000000080019ac                DMA1_Channel7_IRQHandler
                0x00000000080019ac                CAN1_RX1_IRQHandler
                0x00000000080019ac                I2C1_EV_IRQHandler
                0x00000000080019ac                DMA1_Channel6_IRQHandler
                0x00000000080019ac                TIM3_IRQHandler
                0x00000000080019ac                RCC_IRQHandler
                0x00000000080019ac                TIM1_TRG_COM_IRQHandler
                0x00000000080019ac                DMA1_Channel1_IRQHandler
                0x00000000080019ac                Default_Handler
                0x00000000080019ac                EXTI15_10_IRQHandler
                0x00000000080019ac                EXTI9_5_IRQHandler
                0x00000000080019ac                DMA1_Channel5_IRQHandler
                0x00000000080019ac                EXTI4_IRQHandler
                0x00000000080019ac                USB_LP_CAN1_RX0_IRQHandler
                0x00000000080019ac                USB_HP_CAN1_TX_IRQHandler
                0x00000000080019ac                DMA1_Channel3_IRQHandler
                0x00000000080019ac                TIM1_UP_IRQHandler
                0x00000000080019ac                WWDG_IRQHandler
                0x00000000080019ac                TIM1_BRK_IRQHandler
                0x00000000080019ac                EXTI1_IRQHandler
                0x00000000080019ac                USART2_IRQHandler
                0x00000000080019ac                DMA1_Channel2_IRQHandler
                0x00000000080019ac                CAN1_SCE_IRQHandler
                0x00000000080019ac                FLASH_IRQHandler
                0x00000000080019ac                USART1_IRQHandler
                0x00000000080019ac                I2C1_ER_IRQHandler
                0x00000000080019ac                USBWakeUp_IRQHandler
 *fill*         0x00000000080019ae        0x2 
 .text.HAL_Init
                0x00000000080019b0       0x2c ./Drivers/STM32F1xx_HAL_Driver/Src/stm32f1xx_hal.o
                0x00000000080019b0                HAL_Init
 .text.HAL_InitTick
                0x00000000080019dc       0x60 ./Drivers/STM32F1xx_HAL_Driver/Src/stm32f1xx_hal.o
                0x00000000080019dc                HAL_InitTick
 .text.HAL_IncTick
                0x0000000008001a3c       0x24 ./Drivers/STM32F1xx_HAL_Driver/Src/stm32f1xx_hal.o
                0x0000000008001a3c                HAL_IncTick
 .text.HAL_GetTick
                0x0000000008001a60       0x14 ./Drivers/STM32F1xx_HAL_Driver/Src/stm32f1xx_hal.o
                0x0000000008001a60                HAL_GetTick
 .text.__NVIC_SetPriorityGrouping
                0x0000000008001a74       0x48 ./Drivers/STM32F1xx_HAL_Driver/Src/stm32f1xx_hal_cortex.o
 .text.__NVIC_GetPriorityGrouping
                0x0000000008001abc       0x1c ./Drivers/STM32F1xx_HAL_Driver/Src/stm32f1xx_hal_cortex.o
 .text.__NVIC_EnableIRQ
                0x0000000008001ad8       0x38 ./Drivers/STM32F1xx_HAL_Driver/Src/stm32f1xx_hal_cortex.o
 .text.__NVIC_SetPriority
                0x0000000008001b10       0x54 ./Drivers/STM32F1xx_HAL_Driver/Src/stm32f1xx_hal_cortex.o
 .text.NVIC_EncodePriority
                0x0000000008001b64       0x64 ./Drivers/STM32F1xx_HAL_Driver/Src/stm32f1xx_hal_cortex.o
 .text.SysTick_Config
                0x0000000008001bc8       0x44 ./Drivers/STM32F1xx_HAL_Driver/Src/stm32f1xx_hal_cortex.o
 .text.HAL_NVIC_SetPriorityGrouping
                0x0000000008001c0c       0x16 ./Drivers/STM32F1xx_HAL_Driver/Src/stm32f1xx_hal_cortex.o
                0x0000000008001c0c                HAL_NVIC_SetPriorityGrouping
 .text.HAL_NVIC_SetPriority
                0x0000000008001c22       0x38 ./Drivers/STM32F1xx_HAL_Driver/Src/stm32f1xx_hal_cortex.o
                0x0000000008001c22                HAL_NVIC_SetPriority
 .text.HAL_NVIC_EnableIRQ
                0x0000000008001c5a       0x1c ./Drivers/STM32F1xx_HAL_Driver/Src/stm32f1xx_hal_cortex.o
                0x0000000008001c5a                HAL_NVIC_EnableIRQ
 .text.HAL_SYSTICK_Config
                0x0000000008001c76       0x18 ./Drivers/STM32F1xx_HAL_Driver/Src/stm32f1xx_hal_cortex.o
                0x0000000008001c76                HAL_SYSTICK_Config
 *fill*         0x0000000008001c8e        0x2 
 .text.HAL_GPIO_Init
                0x0000000008001c90      0x2f4 ./Drivers/STM32F1xx_HAL_Driver/Src/stm32f1xx_hal_gpio.o
                0x0000000008001c90                HAL_GPIO_Init
 .text.HAL_GPIO_ReadPin
                0x0000000008001f84       0x2e ./Drivers/STM32F1xx_HAL_Driver/Src/stm32f1xx_hal_gpio.o
                0x0000000008001f84                HAL_GPIO_ReadPin
 .text.HAL_GPIO_WritePin
                0x0000000008001fb2       0x30 ./Drivers/STM32F1xx_HAL_Driver/Src/stm32f1xx_hal_gpio.o
                0x0000000008001fb2                HAL_GPIO_WritePin
 .text.HAL_GPIO_TogglePin
                0x0000000008001fe2       0x32 ./Drivers/STM32F1xx_HAL_Driver/Src/stm32f1xx_hal_gpio.o
                0x0000000008001fe2                HAL_GPIO_TogglePin
 .text.HAL_RCC_OscConfig
                0x0000000008002014      0x500 ./Drivers/STM32F1xx_HAL_Driver/Src/stm32f1xx_hal_rcc.o
                0x0000000008002014                HAL_RCC_OscConfig
 .text.HAL_RCC_ClockConfig
                0x0000000008002514      0x1d4 ./Drivers/STM32F1xx_HAL_Driver/Src/stm32f1xx_hal_rcc.o
                0x0000000008002514                HAL_RCC_ClockConfig
 .text.HAL_RCC_GetSysClockFreq
                0x00000000080026e8       0xa8 ./Drivers/STM32F1xx_HAL_Driver/Src/stm32f1xx_hal_rcc.o
                0x00000000080026e8                HAL_RCC_GetSysClockFreq
 .text.RCC_Delay
                0x0000000008002790       0x3c ./Drivers/STM32F1xx_HAL_Driver/Src/stm32f1xx_hal_rcc.o
 .text.HAL_TIM_Base_Init
                0x00000000080027cc       0x9e ./Drivers/STM32F1xx_HAL_Driver/Src/stm32f1xx_hal_tim.o
                0x00000000080027cc                HAL_TIM_Base_Init
 *fill*         0x000000000800286a        0x2 
 .text.HAL_TIM_Base_Start_IT
                0x000000000800286c       0x98 ./Drivers/STM32F1xx_HAL_Driver/Src/stm32f1xx_hal_tim.o
                0x000000000800286c                HAL_TIM_Base_Start_IT
 .text.HAL_TIM_IRQHandler
                0x0000000008002904      0x1e0 ./Drivers/STM32F1xx_HAL_Driver/Src/stm32f1xx_hal_tim.o
                0x0000000008002904                HAL_TIM_IRQHandler
 .text.HAL_TIM_ConfigClockSource
                0x0000000008002ae4      0x18e ./Drivers/STM32F1xx_HAL_Driver/Src/stm32f1xx_hal_tim.o
                0x0000000008002ae4                HAL_TIM_ConfigClockSource
 .text.HAL_TIM_OC_DelayElapsedCallback
                0x0000000008002c72       0x12 ./Drivers/STM32F1xx_HAL_Driver/Src/stm32f1xx_hal_tim.o
                0x0000000008002c72                HAL_TIM_OC_DelayElapsedCallback
 .text.HAL_TIM_IC_CaptureCallback
                0x0000000008002c84       0x12 ./Drivers/STM32F1xx_HAL_Driver/Src/stm32f1xx_hal_tim.o
                0x0000000008002c84                HAL_TIM_IC_CaptureCallback
 .text.HAL_TIM_PWM_PulseFinishedCallback
                0x0000000008002c96       0x12 ./Drivers/STM32F1xx_HAL_Driver/Src/stm32f1xx_hal_tim.o
                0x0000000008002c96                HAL_TIM_PWM_PulseFinishedCallback
 .text.HAL_TIM_TriggerCallback
                0x0000000008002ca8       0x12 ./Drivers/STM32F1xx_HAL_Driver/Src/stm32f1xx_hal_tim.o
                0x0000000008002ca8                HAL_TIM_TriggerCallback
 *fill*         0x0000000008002cba        0x2 
 .text.TIM_Base_SetConfig
                0x0000000008002cbc       0xc8 ./Drivers/STM32F1xx_HAL_Driver/Src/stm32f1xx_hal_tim.o
                0x0000000008002cbc                TIM_Base_SetConfig
 .text.TIM_TI1_ConfigInputStage
                0x0000000008002d84       0x5c ./Drivers/STM32F1xx_HAL_Driver/Src/stm32f1xx_hal_tim.o
 .text.TIM_TI2_ConfigInputStage
                0x0000000008002de0       0x5e ./Drivers/STM32F1xx_HAL_Driver/Src/stm32f1xx_hal_tim.o
 .text.TIM_ITRx_SetConfig
                0x0000000008002e3e       0x34 ./Drivers/STM32F1xx_HAL_Driver/Src/stm32f1xx_hal_tim.o
 .text.TIM_ETR_SetConfig
                0x0000000008002e72       0x3e ./Drivers/STM32F1xx_HAL_Driver/Src/stm32f1xx_hal_tim.o
                0x0000000008002e72                TIM_ETR_SetConfig
 .text.HAL_TIMEx_MasterConfigSynchronization
                0x0000000008002eb0       0xb0 ./Drivers/STM32F1xx_HAL_Driver/Src/stm32f1xx_hal_tim_ex.o
                0x0000000008002eb0                HAL_TIMEx_MasterConfigSynchronization
 .text.HAL_TIMEx_CommutCallback
                0x0000000008002f60       0x12 ./Drivers/STM32F1xx_HAL_Driver/Src/stm32f1xx_hal_tim_ex.o
                0x0000000008002f60                HAL_TIMEx_CommutCallback
 .text.HAL_TIMEx_BreakCallback
                0x0000000008002f72       0x12 ./Drivers/STM32F1xx_HAL_Driver/Src/stm32f1xx_hal_tim_ex.o
                0x0000000008002f72                HAL_TIMEx_BreakCallback
 .text.__libc_init_array
                0x0000000008002f84       0x48 f:/hoc tap/hardware/microcontrol/stm32cubeide_1.7.0/stm32cubeide/plugins/com.st.stm32cube.ide.mcu.externaltools.gnu-tools-for-stm32.9-2020-q2-update.win32_2.0.0.202105311346/tools/bin/../lib/gcc/arm-none-eabi/9.3.1/../../../../arm-none-eabi/lib/thumb/v7-m/nofp\libc_nano.a(lib_a-init.o)
                0x0000000008002f84                __libc_init_array
 .text.memset   0x0000000008002fcc       0x10 f:/hoc tap/hardware/microcontrol/stm32cubeide_1.7.0/stm32cubeide/plugins/com.st.stm32cube.ide.mcu.externaltools.gnu-tools-for-stm32.9-2020-q2-update.win32_2.0.0.202105311346/tools/bin/../lib/gcc/arm-none-eabi/9.3.1/../../../../arm-none-eabi/lib/thumb/v7-m/nofp\libc_nano.a(lib_a-memset.o)
                0x0000000008002fcc                memset
 *(.glue_7)
 .glue_7        0x0000000008002fdc        0x0 linker stubs
 *(.glue_7t)
 .glue_7t       0x0000000008002fdc        0x0 linker stubs
 *(.eh_frame)
 .eh_frame      0x0000000008002fdc        0x0 f:/hoc tap/hardware/microcontrol/stm32cubeide_1.7.0/stm32cubeide/plugins/com.st.stm32cube.ide.mcu.externaltools.gnu-tools-for-stm32.9-2020-q2-update.win32_2.0.0.202105311346/tools/bin/../lib/gcc/arm-none-eabi/9.3.1/thumb/v7-m/nofp/crtbegin.o
 *(.init)
 .init          0x0000000008002fdc        0x4 f:/hoc tap/hardware/microcontrol/stm32cubeide_1.7.0/stm32cubeide/plugins/com.st.stm32cube.ide.mcu.externaltools.gnu-tools-for-stm32.9-2020-q2-update.win32_2.0.0.202105311346/tools/bin/../lib/gcc/arm-none-eabi/9.3.1/thumb/v7-m/nofp/crti.o
                0x0000000008002fdc                _init
 .init          0x0000000008002fe0        0x8 f:/hoc tap/hardware/microcontrol/stm32cubeide_1.7.0/stm32cubeide/plugins/com.st.stm32cube.ide.mcu.externaltools.gnu-tools-for-stm32.9-2020-q2-update.win32_2.0.0.202105311346/tools/bin/../lib/gcc/arm-none-eabi/9.3.1/thumb/v7-m/nofp/crtn.o
 *(.fini)
 .fini          0x0000000008002fe8        0x4 f:/hoc tap/hardware/microcontrol/stm32cubeide_1.7.0/stm32cubeide/plugins/com.st.stm32cube.ide.mcu.externaltools.gnu-tools-for-stm32.9-2020-q2-update.win32_2.0.0.202105311346/tools/bin/../lib/gcc/arm-none-eabi/9.3.1/thumb/v7-m/nofp/crti.o
                0x0000000008002fe8                _fini
 .fini          0x0000000008002fec        0x8 f:/hoc tap/hardware/microcontrol/stm32cubeide_1.7.0/stm32cubeide/plugins/com.st.stm32cube.ide.mcu.externaltools.gnu-tools-for-stm32.9-2020-q2-update.win32_2.0.0.202105311346/tools/bin/../lib/gcc/arm-none-eabi/9.3.1/thumb/v7-m/nofp/crtn.o
                0x0000000008002ff4                . = ALIGN (0x4)
                0x0000000008002ff4                _etext = .

.vfp11_veneer   0x0000000008002ff4        0x0
 .vfp11_veneer  0x0000000008002ff4        0x0 linker stubs

.v4_bx          0x0000000008002ff4        0x0
 .v4_bx         0x0000000008002ff4        0x0 linker stubs

.iplt           0x0000000008002ff4        0x0
 .iplt          0x0000000008002ff4        0x0 f:/hoc tap/hardware/microcontrol/stm32cubeide_1.7.0/stm32cubeide/plugins/com.st.stm32cube.ide.mcu.externaltools.gnu-tools-for-stm32.9-2020-q2-update.win32_2.0.0.202105311346/tools/bin/../lib/gcc/arm-none-eabi/9.3.1/thumb/v7-m/nofp/crtbegin.o

.rodata         0x0000000008002ff4       0x24
                0x0000000008002ff4                . = ALIGN (0x4)
 *(.rodata)
 *(.rodata*)
 .rodata.AHBPrescTable
                0x0000000008002ff4       0x10 ./Core/Src/system_stm32f1xx.o
                0x0000000008002ff4                AHBPrescTable
 .rodata.aPLLMULFactorTable.6032
                0x0000000008003004       0x10 ./Drivers/STM32F1xx_HAL_Driver/Src/stm32f1xx_hal_rcc.o
 .rodata.aPredivFactorTable.6033
                0x0000000008003014        0x2 ./Drivers/STM32F1xx_HAL_Driver/Src/stm32f1xx_hal_rcc.o
                0x0000000008003018                . = ALIGN (0x4)
 *fill*         0x0000000008003016        0x2 

.rel.dyn        0x0000000008003018        0x0
 .rel.iplt      0x0000000008003018        0x0 f:/hoc tap/hardware/microcontrol/stm32cubeide_1.7.0/stm32cubeide/plugins/com.st.stm32cube.ide.mcu.externaltools.gnu-tools-for-stm32.9-2020-q2-update.win32_2.0.0.202105311346/tools/bin/../lib/gcc/arm-none-eabi/9.3.1/thumb/v7-m/nofp/crtbegin.o

.ARM.extab      0x0000000008003018        0x0
                0x0000000008003018                . = ALIGN (0x4)
 *(.ARM.extab* .gnu.linkonce.armextab.*)
                0x0000000008003018                . = ALIGN (0x4)

.ARM            0x0000000008003018        0x0
                0x0000000008003018                . = ALIGN (0x4)
                0x0000000008003018                __exidx_start = .
 *(.ARM.exidx*)
                0x0000000008003018                __exidx_end = .
                0x0000000008003018                . = ALIGN (0x4)

.preinit_array  0x0000000008003018        0x0
                0x0000000008003018                . = ALIGN (0x4)
                0x0000000008003018                PROVIDE (__preinit_array_start = .)
 *(.preinit_array*)
                0x0000000008003018                PROVIDE (__preinit_array_end = .)
                0x0000000008003018                . = ALIGN (0x4)

.init_array     0x0000000008003018        0x4
                0x0000000008003018                . = ALIGN (0x4)
                0x0000000008003018                PROVIDE (__init_array_start = .)
 *(SORT_BY_NAME(.init_array.*))
 *(.init_array*)
 .init_array    0x0000000008003018        0x4 f:/hoc tap/hardware/microcontrol/stm32cubeide_1.7.0/stm32cubeide/plugins/com.st.stm32cube.ide.mcu.externaltools.gnu-tools-for-stm32.9-2020-q2-update.win32_2.0.0.202105311346/tools/bin/../lib/gcc/arm-none-eabi/9.3.1/thumb/v7-m/nofp/crtbegin.o
                0x000000000800301c                PROVIDE (__init_array_end = .)
                0x000000000800301c                . = ALIGN (0x4)

.fini_array     0x000000000800301c        0x4
                0x000000000800301c                . = ALIGN (0x4)
                [!provide]                        PROVIDE (__fini_array_start = .)
 *(SORT_BY_NAME(.fini_array.*))
 *(.fini_array*)
 .fini_array    0x000000000800301c        0x4 f:/hoc tap/hardware/microcontrol/stm32cubeide_1.7.0/stm32cubeide/plugins/com.st.stm32cube.ide.mcu.externaltools.gnu-tools-for-stm32.9-2020-q2-update.win32_2.0.0.202105311346/tools/bin/../lib/gcc/arm-none-eabi/9.3.1/thumb/v7-m/nofp/crtbegin.o
                [!provide]                        PROVIDE (__fini_array_end = .)
                0x0000000008003020                . = ALIGN (0x4)
                0x0000000008003020                _sidata = LOADADDR (.data)

.data           0x0000000020000000       0xa4 load address 0x0000000008003020
                0x0000000020000000                . = ALIGN (0x4)
                0x0000000020000000                _sdata = .
 *(.data)
 *(.data*)
 .data.KeyReg0  0x0000000020000000       0x10 ./Core/Src/button.o
                0x0000000020000000                KeyReg0
 .data.KeyReg1  0x0000000020000010       0x10 ./Core/Src/button.o
                0x0000000020000010                KeyReg1
 .data.KeyReg2  0x0000000020000020       0x10 ./Core/Src/button.o
                0x0000000020000020                KeyReg2
 .data.KeyReg3  0x0000000020000030       0x10 ./Core/Src/button.o
                0x0000000020000030                KeyReg3
 .data.TimerForKeyPress
                0x0000000020000040       0x10 ./Core/Src/button.o
                0x0000000020000040                TimerForKeyPress
 .data.counter2
                0x0000000020000050        0x4 ./Core/Src/fsm_automatic.o
                0x0000000020000050                counter2
 .data.i_1      0x0000000020000054        0x4 ./Core/Src/fsm_automatic.o
                0x0000000020000054                i_1
 .data.j_1      0x0000000020000058        0x4 ./Core/Src/fsm_automatic.o
                0x0000000020000058                j_1
 .data.t_1      0x000000002000005c        0x4 ./Core/Src/fsm_automatic.o
                0x000000002000005c                t_1
 .data.i_2      0x0000000020000060        0x4 ./Core/Src/fsm_automatic.o
                0x0000000020000060                i_2
 .data.j_2      0x0000000020000064        0x4 ./Core/Src/fsm_automatic.o
                0x0000000020000064                j_2
 .data.t_2      0x0000000020000068        0x4 ./Core/Src/fsm_automatic.o
                0x0000000020000068                t_2
 .data.test     0x000000002000006c        0x4 ./Core/Src/fsm_automatic.o
                0x000000002000006c                test
 .data.random   0x0000000020000070        0x4 ./Core/Src/fsm_automatic.o
                0x0000000020000070                random
 .data.dem      0x0000000020000074        0x4 ./Core/Src/fsm_automatic.o
                0x0000000020000074                dem
 .data.max_Red  0x0000000020000078        0x4 ./Core/Src/fsm_automatic.o
                0x0000000020000078                max_Red
 .data.max_Yellow
                0x000000002000007c        0x4 ./Core/Src/fsm_automatic.o
                0x000000002000007c                max_Yellow
 .data.max_Green
                0x0000000020000080        0x4 ./Core/Src/fsm_automatic.o
                0x0000000020000080                max_Green
 .data.prev_max_Red
                0x0000000020000084        0x4 ./Core/Src/fsm_automatic.o
                0x0000000020000084                prev_max_Red
 .data.prev_max_Yellow
                0x0000000020000088        0x4 ./Core/Src/fsm_automatic.o
                0x0000000020000088                prev_max_Yellow
 .data.prev_max_Green
                0x000000002000008c        0x4 ./Core/Src/fsm_automatic.o
                0x000000002000008c                prev_max_Green
 .data.en0      0x0000000020000090        0x4 ./Core/Src/fsm_setting.o
                0x0000000020000090                en0
 .data.en2      0x0000000020000094        0x4 ./Core/Src/fsm_setting.o
                0x0000000020000094                en2
 .data.SystemCoreClock
                0x0000000020000098        0x4 ./Core/Src/system_stm32f1xx.o
                0x0000000020000098                SystemCoreClock
 .data.uwTickPrio
                0x000000002000009c        0x4 ./Drivers/STM32F1xx_HAL_Driver/Src/stm32f1xx_hal.o
                0x000000002000009c                uwTickPrio
 .data.uwTickFreq
                0x00000000200000a0        0x1 ./Drivers/STM32F1xx_HAL_Driver/Src/stm32f1xx_hal.o
                0x00000000200000a0                uwTickFreq
 *(.RamFunc)
 *(.RamFunc*)
                0x00000000200000a4                . = ALIGN (0x4)
 *fill*         0x00000000200000a1        0x3 
                0x00000000200000a4                _edata = .

.igot.plt       0x00000000200000a4        0x0 load address 0x00000000080030c4
 .igot.plt      0x00000000200000a4        0x0 f:/hoc tap/hardware/microcontrol/stm32cubeide_1.7.0/stm32cubeide/plugins/com.st.stm32cube.ide.mcu.externaltools.gnu-tools-for-stm32.9-2020-q2-update.win32_2.0.0.202105311346/tools/bin/../lib/gcc/arm-none-eabi/9.3.1/thumb/v7-m/nofp/crtbegin.o
                0x00000000200000a4                . = ALIGN (0x4)

.bss            0x00000000200000a4       0xe8 load address 0x00000000080030c4
                0x00000000200000a4                _sbss = .
                0x00000000200000a4                __bss_start__ = _sbss
 *(.bss)
 .bss           0x00000000200000a4       0x1c f:/hoc tap/hardware/microcontrol/stm32cubeide_1.7.0/stm32cubeide/plugins/com.st.stm32cube.ide.mcu.externaltools.gnu-tools-for-stm32.9-2020-q2-update.win32_2.0.0.202105311346/tools/bin/../lib/gcc/arm-none-eabi/9.3.1/thumb/v7-m/nofp/crtbegin.o
 *(.bss*)
 .bss.button_flag
                0x00000000200000c0       0x10 ./Core/Src/button.o
                0x00000000200000c0                button_flag
 .bss.bool      0x00000000200000d0        0x4 ./Core/Src/fsm_automatic.o
                0x00000000200000d0                bool
 .bss.counter   0x00000000200000d4        0x4 ./Core/Src/fsm_automatic.o
                0x00000000200000d4                counter
 .bss.turn      0x00000000200000d8        0x4 ./Core/Src/fsm_automatic.o
                0x00000000200000d8                turn
 .bss.test_1    0x00000000200000dc        0x4 ./Core/Src/fsm_manual.o
                0x00000000200000dc                test_1
 .bss.mode      0x00000000200000e0        0x4 ./Core/Src/fsm_setting.o
                0x00000000200000e0                mode
 .bss.en1       0x00000000200000e4        0x4 ./Core/Src/fsm_setting.o
                0x00000000200000e4                en1
 .bss.en3       0x00000000200000e8        0x4 ./Core/Src/fsm_setting.o
                0x00000000200000e8                en3
 .bss.timer_counter
                0x00000000200000ec       0x28 ./Core/Src/software_timer.o
                0x00000000200000ec                timer_counter
 .bss.timer_flag
                0x0000000020000114       0x28 ./Core/Src/software_timer.o
                0x0000000020000114                timer_flag
 *(COMMON)
 COMMON         0x000000002000013c        0x4 ./Core/Src/fsm_manual.o
                0x000000002000013c                temp
 COMMON         0x0000000020000140       0x48 ./Core/Src/main.o
                0x0000000020000140                htim2
 COMMON         0x0000000020000188        0x4 ./Drivers/STM32F1xx_HAL_Driver/Src/stm32f1xx_hal.o
                0x0000000020000188                uwTick
                0x000000002000018c                . = ALIGN (0x4)
                0x000000002000018c                _ebss = .
                0x000000002000018c                __bss_end__ = _ebss

._user_heap_stack
                0x000000002000018c      0x604 load address 0x00000000080030c4
                0x0000000020000190                . = ALIGN (0x8)
 *fill*         0x000000002000018c        0x4 
                [!provide]                        PROVIDE (end = .)
                0x0000000020000190                PROVIDE (_end = .)
                0x0000000020000390                . = (. + _Min_Heap_Size)
 *fill*         0x0000000020000190      0x200 
                0x0000000020000790                . = (. + _Min_Stack_Size)
 *fill*         0x0000000020000390      0x400 
                0x0000000020000790                . = ALIGN (0x8)

/DISCARD/
 libc.a(*)
 libm.a(*)
 libgcc.a(*)

.ARM.attributes
                0x0000000000000000       0x29
 *(.ARM.attributes)
 .ARM.attributes
                0x0000000000000000       0x1d f:/hoc tap/hardware/microcontrol/stm32cubeide_1.7.0/stm32cubeide/plugins/com.st.stm32cube.ide.mcu.externaltools.gnu-tools-for-stm32.9-2020-q2-update.win32_2.0.0.202105311346/tools/bin/../lib/gcc/arm-none-eabi/9.3.1/thumb/v7-m/nofp/crti.o
 .ARM.attributes
                0x000000000000001d       0x2d f:/hoc tap/hardware/microcontrol/stm32cubeide_1.7.0/stm32cubeide/plugins/com.st.stm32cube.ide.mcu.externaltools.gnu-tools-for-stm32.9-2020-q2-update.win32_2.0.0.202105311346/tools/bin/../lib/gcc/arm-none-eabi/9.3.1/thumb/v7-m/nofp/crtbegin.o
 .ARM.attributes
                0x000000000000004a       0x2d ./Core/Src/Component.o
 .ARM.attributes
                0x0000000000000077       0x2d ./Core/Src/Component_1.o
 .ARM.attributes
                0x00000000000000a4       0x2d ./Core/Src/button.o
 .ARM.attributes
                0x00000000000000d1       0x2d ./Core/Src/fsm_automatic.o
 .ARM.attributes
                0x00000000000000fe       0x2d ./Core/Src/fsm_manual.o
 .ARM.attributes
                0x000000000000012b       0x2d ./Core/Src/fsm_setting.o
 .ARM.attributes
                0x0000000000000158       0x2d ./Core/Src/led_traffic.o
 .ARM.attributes
                0x0000000000000185       0x2d ./Core/Src/main.o
 .ARM.attributes
                0x00000000000001b2       0x2d ./Core/Src/software_timer.o
 .ARM.attributes
                0x00000000000001df       0x2d ./Core/Src/stm32f1xx_hal_msp.o
 .ARM.attributes
                0x000000000000020c       0x2d ./Core/Src/stm32f1xx_it.o
 .ARM.attributes
                0x0000000000000239       0x2d ./Core/Src/system_stm32f1xx.o
 .ARM.attributes
                0x0000000000000266       0x21 ./Core/Startup/startup_stm32f103c6tx.o
 .ARM.attributes
                0x0000000000000287       0x2d ./Drivers/STM32F1xx_HAL_Driver/Src/stm32f1xx_hal.o
 .ARM.attributes
                0x00000000000002b4       0x2d ./Drivers/STM32F1xx_HAL_Driver/Src/stm32f1xx_hal_cortex.o
 .ARM.attributes
                0x00000000000002e1       0x2d ./Drivers/STM32F1xx_HAL_Driver/Src/stm32f1xx_hal_gpio.o
 .ARM.attributes
                0x000000000000030e       0x2d ./Drivers/STM32F1xx_HAL_Driver/Src/stm32f1xx_hal_rcc.o
 .ARM.attributes
                0x000000000000033b       0x2d ./Drivers/STM32F1xx_HAL_Driver/Src/stm32f1xx_hal_tim.o
 .ARM.attributes
                0x0000000000000368       0x2d ./Drivers/STM32F1xx_HAL_Driver/Src/stm32f1xx_hal_tim_ex.o
 .ARM.attributes
                0x0000000000000395       0x2d f:/hoc tap/hardware/microcontrol/stm32cubeide_1.7.0/stm32cubeide/plugins/com.st.stm32cube.ide.mcu.externaltools.gnu-tools-for-stm32.9-2020-q2-update.win32_2.0.0.202105311346/tools/bin/../lib/gcc/arm-none-eabi/9.3.1/../../../../arm-none-eabi/lib/thumb/v7-m/nofp\libc_nano.a(lib_a-init.o)
 .ARM.attributes
                0x00000000000003c2       0x2d f:/hoc tap/hardware/microcontrol/stm32cubeide_1.7.0/stm32cubeide/plugins/com.st.stm32cube.ide.mcu.externaltools.gnu-tools-for-stm32.9-2020-q2-update.win32_2.0.0.202105311346/tools/bin/../lib/gcc/arm-none-eabi/9.3.1/../../../../arm-none-eabi/lib/thumb/v7-m/nofp\libc_nano.a(lib_a-memset.o)
 .ARM.attributes
                0x00000000000003ef       0x1d f:/hoc tap/hardware/microcontrol/stm32cubeide_1.7.0/stm32cubeide/plugins/com.st.stm32cube.ide.mcu.externaltools.gnu-tools-for-stm32.9-2020-q2-update.win32_2.0.0.202105311346/tools/bin/../lib/gcc/arm-none-eabi/9.3.1/thumb/v7-m/nofp/crtn.o
OUTPUT(SETTING2.elf elf32-littlearm)
LOAD linker stubs
LOAD f:/hoc tap/hardware/microcontrol/stm32cubeide_1.7.0/stm32cubeide/plugins/com.st.stm32cube.ide.mcu.externaltools.gnu-tools-for-stm32.9-2020-q2-update.win32_2.0.0.202105311346/tools/bin/../lib/gcc/arm-none-eabi/9.3.1/../../../../arm-none-eabi/lib/thumb/v7-m/nofp\libc.a
LOAD f:/hoc tap/hardware/microcontrol/stm32cubeide_1.7.0/stm32cubeide/plugins/com.st.stm32cube.ide.mcu.externaltools.gnu-tools-for-stm32.9-2020-q2-update.win32_2.0.0.202105311346/tools/bin/../lib/gcc/arm-none-eabi/9.3.1/../../../../arm-none-eabi/lib/thumb/v7-m/nofp\libm.a
LOAD f:/hoc tap/hardware/microcontrol/stm32cubeide_1.7.0/stm32cubeide/plugins/com.st.stm32cube.ide.mcu.externaltools.gnu-tools-for-stm32.9-2020-q2-update.win32_2.0.0.202105311346/tools/bin/../lib/gcc/arm-none-eabi/9.3.1/thumb/v7-m/nofp\libgcc.a

.debug_info     0x0000000000000000     0xa186
 .debug_info    0x0000000000000000      0x306 ./Core/Src/Component.o
 .debug_info    0x0000000000000306      0x307 ./Core/Src/Component_1.o
 .debug_info    0x000000000000060d      0x316 ./Core/Src/button.o
 .debug_info    0x0000000000000923      0x656 ./Core/Src/fsm_automatic.o
 .debug_info    0x0000000000000f79      0x3a1 ./Core/Src/fsm_manual.o
 .debug_info    0x000000000000131a      0x3ce ./Core/Src/fsm_setting.o
 .debug_info    0x00000000000016e8      0x299 ./Core/Src/led_traffic.o
 .debug_info    0x0000000000001981      0xcf3 ./Core/Src/main.o
 .debug_info    0x0000000000002674      0x221 ./Core/Src/software_timer.o
 .debug_info    0x0000000000002895      0xa09 ./Core/Src/stm32f1xx_hal_msp.o
 .debug_info    0x000000000000329e      0x7b9 ./Core/Src/stm32f1xx_it.o
 .debug_info    0x0000000000003a57      0x2be ./Core/Src/system_stm32f1xx.o
 .debug_info    0x0000000000003d15       0x22 ./Core/Startup/startup_stm32f103c6tx.o
 .debug_info    0x0000000000003d37      0x74c ./Drivers/STM32F1xx_HAL_Driver/Src/stm32f1xx_hal.o
 .debug_info    0x0000000000004483      0xbbe ./Drivers/STM32F1xx_HAL_Driver/Src/stm32f1xx_hal_cortex.o
 .debug_info    0x0000000000005041      0x701 ./Drivers/STM32F1xx_HAL_Driver/Src/stm32f1xx_hal_gpio.o
 .debug_info    0x0000000000005742      0x893 ./Drivers/STM32F1xx_HAL_Driver/Src/stm32f1xx_hal_rcc.o
 .debug_info    0x0000000000005fd5     0x2c32 ./Drivers/STM32F1xx_HAL_Driver/Src/stm32f1xx_hal_tim.o
 .debug_info    0x0000000000008c07     0x157f ./Drivers/STM32F1xx_HAL_Driver/Src/stm32f1xx_hal_tim_ex.o

.debug_abbrev   0x0000000000000000     0x1f1b
 .debug_abbrev  0x0000000000000000      0x13f ./Core/Src/Component.o
 .debug_abbrev  0x000000000000013f      0x125 ./Core/Src/Component_1.o
 .debug_abbrev  0x0000000000000264      0x15f ./Core/Src/button.o
 .debug_abbrev  0x00000000000003c3      0x1ba ./Core/Src/fsm_automatic.o
 .debug_abbrev  0x000000000000057d      0x13d ./Core/Src/fsm_manual.o
 .debug_abbrev  0x00000000000006ba      0x118 ./Core/Src/fsm_setting.o
 .debug_abbrev  0x00000000000007d2       0xf8 ./Core/Src/led_traffic.o
 .debug_abbrev  0x00000000000008ca      0x275 ./Core/Src/main.o
 .debug_abbrev  0x0000000000000b3f      0x130 ./Core/Src/software_timer.o
 .debug_abbrev  0x0000000000000c6f      0x1b7 ./Core/Src/stm32f1xx_hal_msp.o
 .debug_abbrev  0x0000000000000e26      0x176 ./Core/Src/stm32f1xx_it.o
 .debug_abbrev  0x0000000000000f9c      0x14e ./Core/Src/system_stm32f1xx.o
 .debug_abbrev  0x00000000000010ea       0x12 ./Core/Startup/startup_stm32f103c6tx.o
 .debug_abbrev  0x00000000000010fc      0x1ed ./Drivers/STM32F1xx_HAL_Driver/Src/stm32f1xx_hal.o
 .debug_abbrev  0x00000000000012e9      0x313 ./Drivers/STM32F1xx_HAL_Driver/Src/stm32f1xx_hal_cortex.o
 .debug_abbrev  0x00000000000015fc      0x1e8 ./Drivers/STM32F1xx_HAL_Driver/Src/stm32f1xx_hal_gpio.o
 .debug_abbrev  0x00000000000017e4      0x273 ./Drivers/STM32F1xx_HAL_Driver/Src/stm32f1xx_hal_rcc.o
 .debug_abbrev  0x0000000000001a57      0x25e ./Drivers/STM32F1xx_HAL_Driver/Src/stm32f1xx_hal_tim.o
 .debug_abbrev  0x0000000000001cb5      0x266 ./Drivers/STM32F1xx_HAL_Driver/Src/stm32f1xx_hal_tim_ex.o

.debug_aranges  0x0000000000000000      0xb30
 .debug_aranges
                0x0000000000000000       0x70 ./Core/Src/Component.o
 .debug_aranges
                0x0000000000000070       0x70 ./Core/Src/Component_1.o
 .debug_aranges
                0x00000000000000e0       0x28 ./Core/Src/button.o
 .debug_aranges
                0x0000000000000108       0x30 ./Core/Src/fsm_automatic.o
 .debug_aranges
                0x0000000000000138       0x20 ./Core/Src/fsm_manual.o
 .debug_aranges
                0x0000000000000158       0x30 ./Core/Src/fsm_setting.o
 .debug_aranges
                0x0000000000000188       0x48 ./Core/Src/led_traffic.o
 .debug_aranges
                0x00000000000001d0       0x48 ./Core/Src/main.o
 .debug_aranges
                0x0000000000000218       0x30 ./Core/Src/software_timer.o
 .debug_aranges
                0x0000000000000248       0x30 ./Core/Src/stm32f1xx_hal_msp.o
 .debug_aranges
                0x0000000000000278       0x68 ./Core/Src/stm32f1xx_it.o
 .debug_aranges
                0x00000000000002e0       0x28 ./Core/Src/system_stm32f1xx.o
 .debug_aranges
                0x0000000000000308       0x28 ./Core/Startup/startup_stm32f103c6tx.o
 .debug_aranges
                0x0000000000000330       0xe0 ./Drivers/STM32F1xx_HAL_Driver/Src/stm32f1xx_hal.o
 .debug_aranges
                0x0000000000000410      0x100 ./Drivers/STM32F1xx_HAL_Driver/Src/stm32f1xx_hal_cortex.o
 .debug_aranges
                0x0000000000000510       0x58 ./Drivers/STM32F1xx_HAL_Driver/Src/stm32f1xx_hal_gpio.o
 .debug_aranges
                0x0000000000000568       0x90 ./Drivers/STM32F1xx_HAL_Driver/Src/stm32f1xx_hal_rcc.o
 .debug_aranges
                0x00000000000005f8      0x3d0 ./Drivers/STM32F1xx_HAL_Driver/Src/stm32f1xx_hal_tim.o
 .debug_aranges
                0x00000000000009c8      0x168 ./Drivers/STM32F1xx_HAL_Driver/Src/stm32f1xx_hal_tim_ex.o

.debug_ranges   0x0000000000000000      0xa08
 .debug_ranges  0x0000000000000000       0x60 ./Core/Src/Component.o
 .debug_ranges  0x0000000000000060       0x60 ./Core/Src/Component_1.o
 .debug_ranges  0x00000000000000c0       0x18 ./Core/Src/button.o
 .debug_ranges  0x00000000000000d8       0x20 ./Core/Src/fsm_automatic.o
 .debug_ranges  0x00000000000000f8       0x10 ./Core/Src/fsm_manual.o
 .debug_ranges  0x0000000000000108       0x20 ./Core/Src/fsm_setting.o
 .debug_ranges  0x0000000000000128       0x38 ./Core/Src/led_traffic.o
 .debug_ranges  0x0000000000000160       0x38 ./Core/Src/main.o
 .debug_ranges  0x0000000000000198       0x20 ./Core/Src/software_timer.o
 .debug_ranges  0x00000000000001b8       0x20 ./Core/Src/stm32f1xx_hal_msp.o
 .debug_ranges  0x00000000000001d8       0x58 ./Core/Src/stm32f1xx_it.o
 .debug_ranges  0x0000000000000230       0x18 ./Core/Src/system_stm32f1xx.o
 .debug_ranges  0x0000000000000248       0x20 ./Core/Startup/startup_stm32f103c6tx.o
 .debug_ranges  0x0000000000000268       0xd0 ./Drivers/STM32F1xx_HAL_Driver/Src/stm32f1xx_hal.o
 .debug_ranges  0x0000000000000338       0xf0 ./Drivers/STM32F1xx_HAL_Driver/Src/stm32f1xx_hal_cortex.o
 .debug_ranges  0x0000000000000428       0x48 ./Drivers/STM32F1xx_HAL_Driver/Src/stm32f1xx_hal_gpio.o
 .debug_ranges  0x0000000000000470       0x80 ./Drivers/STM32F1xx_HAL_Driver/Src/stm32f1xx_hal_rcc.o
 .debug_ranges  0x00000000000004f0      0x3c0 ./Drivers/STM32F1xx_HAL_Driver/Src/stm32f1xx_hal_tim.o
 .debug_ranges  0x00000000000008b0      0x158 ./Drivers/STM32F1xx_HAL_Driver/Src/stm32f1xx_hal_tim_ex.o

.debug_macro    0x0000000000000000    0x1728f
 .debug_macro   0x0000000000000000      0x1b0 ./Core/Src/Component.o
 .debug_macro   0x00000000000001b0      0xa9c ./Core/Src/Component.o
 .debug_macro   0x0000000000000c4c      0x215 ./Core/Src/Component.o
 .debug_macro   0x0000000000000e61       0x2e ./Core/Src/Component.o
 .debug_macro   0x0000000000000e8f       0x22 ./Core/Src/Component.o
 .debug_macro   0x0000000000000eb1       0x22 ./Core/Src/Component.o
 .debug_macro   0x0000000000000ed3       0x8e ./Core/Src/Component.o
 .debug_macro   0x0000000000000f61       0x51 ./Core/Src/Component.o
 .debug_macro   0x0000000000000fb2      0x103 ./Core/Src/Component.o
 .debug_macro   0x00000000000010b5       0x6a ./Core/Src/Component.o
 .debug_macro   0x000000000000111f      0x1df ./Core/Src/Component.o
 .debug_macro   0x00000000000012fe       0x1c ./Core/Src/Component.o
 .debug_macro   0x000000000000131a       0x22 ./Core/Src/Component.o
 .debug_macro   0x000000000000133c       0xc3 ./Core/Src/Component.o
 .debug_macro   0x00000000000013ff      0xd23 ./Core/Src/Component.o
 .debug_macro   0x0000000000002122     0xde75 ./Core/Src/Component.o
 .debug_macro   0x000000000000ff97       0x6d ./Core/Src/Component.o
 .debug_macro   0x0000000000010004     0x34a2 ./Core/Src/Component.o
 .debug_macro   0x00000000000134a6      0x174 ./Core/Src/Component.o
 .debug_macro   0x000000000001361a       0x5c ./Core/Src/Component.o
 .debug_macro   0x0000000000013676      0x5bc ./Core/Src/Component.o
 .debug_macro   0x0000000000013c32      0x1b7 ./Core/Src/Component.o
 .debug_macro   0x0000000000013de9      0x1cb ./Core/Src/Component.o
 .debug_macro   0x0000000000013fb4      0x114 ./Core/Src/Component.o
 .debug_macro   0x00000000000140c8      0x1b2 ./Core/Src/Component.o
 .debug_macro   0x000000000001427a       0x27 ./Core/Src/Component.o
 .debug_macro   0x00000000000142a1      0x12f ./Core/Src/Component.o
 .debug_macro   0x00000000000143d0      0x1bc ./Core/Src/Component.o
 .debug_macro   0x000000000001458c       0x34 ./Core/Src/Component.o
 .debug_macro   0x00000000000145c0       0x3c ./Core/Src/Component.o
 .debug_macro   0x00000000000145fc       0x57 ./Core/Src/Component.o
 .debug_macro   0x0000000000014653       0x87 ./Core/Src/Component.o
 .debug_macro   0x00000000000146da      0x183 ./Core/Src/Component.o
 .debug_macro   0x000000000001485d      0x140 ./Core/Src/Component.o
 .debug_macro   0x000000000001499d      0x8ed ./Core/Src/Component.o
 .debug_macro   0x000000000001528a       0x69 ./Core/Src/Component.o
 .debug_macro   0x00000000000152f3      0x184 ./Core/Src/Component.o
 .debug_macro   0x0000000000015477      0x1b0 ./Core/Src/Component_1.o
 .debug_macro   0x0000000000015627      0x1b5 ./Core/Src/button.o
 .debug_macro   0x00000000000157dc       0x1c ./Core/Src/button.o
 .debug_macro   0x00000000000157f8      0x1fb ./Core/Src/fsm_automatic.o
 .debug_macro   0x00000000000159f3      0x211 ./Core/Src/fsm_manual.o
 .debug_macro   0x0000000000015c04      0x1fb ./Core/Src/fsm_setting.o
 .debug_macro   0x0000000000015dff      0x1b0 ./Core/Src/led_traffic.o
 .debug_macro   0x0000000000015faf      0x217 ./Core/Src/main.o
 .debug_macro   0x00000000000161c6      0x1b0 ./Core/Src/software_timer.o
 .debug_macro   0x0000000000016376      0x1a6 ./Core/Src/stm32f1xx_hal_msp.o
 .debug_macro   0x000000000001651c      0x1b0 ./Core/Src/stm32f1xx_it.o
 .debug_macro   0x00000000000166cc      0x197 ./Core/Src/system_stm32f1xx.o
 .debug_macro   0x0000000000016863      0x1bb ./Drivers/STM32F1xx_HAL_Driver/Src/stm32f1xx_hal.o
 .debug_macro   0x0000000000016a1e      0x197 ./Drivers/STM32F1xx_HAL_Driver/Src/stm32f1xx_hal_cortex.o
 .debug_macro   0x0000000000016bb5      0x202 ./Drivers/STM32F1xx_HAL_Driver/Src/stm32f1xx_hal_gpio.o
 .debug_macro   0x0000000000016db7      0x1a9 ./Drivers/STM32F1xx_HAL_Driver/Src/stm32f1xx_hal_rcc.o
 .debug_macro   0x0000000000016f60      0x198 ./Drivers/STM32F1xx_HAL_Driver/Src/stm32f1xx_hal_tim.o
 .debug_macro   0x00000000000170f8      0x197 ./Drivers/STM32F1xx_HAL_Driver/Src/stm32f1xx_hal_tim_ex.o

.debug_line     0x0000000000000000     0xef22
 .debug_line    0x0000000000000000      0x98b ./Core/Src/Component.o
 .debug_line    0x000000000000098b      0x992 ./Core/Src/Component_1.o
 .debug_line    0x000000000000131d      0x905 ./Core/Src/button.o
 .debug_line    0x0000000000001c22      0xa41 ./Core/Src/fsm_automatic.o
 .debug_line    0x0000000000002663      0x97c ./Core/Src/fsm_manual.o
 .debug_line    0x0000000000002fdf      0x8ee ./Core/Src/fsm_setting.o
 .debug_line    0x00000000000038cd      0x8b4 ./Core/Src/led_traffic.o
 .debug_line    0x0000000000004181      0x9c0 ./Core/Src/main.o
 .debug_line    0x0000000000004b41      0x87f ./Core/Src/software_timer.o
 .debug_line    0x00000000000053c0      0x864 ./Core/Src/stm32f1xx_hal_msp.o
 .debug_line    0x0000000000005c24      0x902 ./Core/Src/stm32f1xx_it.o
 .debug_line    0x0000000000006526      0x8a6 ./Core/Src/system_stm32f1xx.o
 .debug_line    0x0000000000006dcc       0x86 ./Core/Startup/startup_stm32f103c6tx.o
 .debug_line    0x0000000000006e52      0xad3 ./Drivers/STM32F1xx_HAL_Driver/Src/stm32f1xx_hal.o
 .debug_line    0x0000000000007925      0xcbb ./Drivers/STM32F1xx_HAL_Driver/Src/stm32f1xx_hal_cortex.o
 .debug_line    0x00000000000085e0      0xb56 ./Drivers/STM32F1xx_HAL_Driver/Src/stm32f1xx_hal_gpio.o
 .debug_line    0x0000000000009136      0xedf ./Drivers/STM32F1xx_HAL_Driver/Src/stm32f1xx_hal_rcc.o
 .debug_line    0x000000000000a015     0x3524 ./Drivers/STM32F1xx_HAL_Driver/Src/stm32f1xx_hal_tim.o
 .debug_line    0x000000000000d539     0x19e9 ./Drivers/STM32F1xx_HAL_Driver/Src/stm32f1xx_hal_tim_ex.o

.debug_str      0x0000000000000000    0x82620
 .debug_str     0x0000000000000000    0x7f955 ./Core/Src/Component.o
                                      0x7fca8 (size before relaxing)
 .debug_str     0x000000000007f955       0x7a ./Core/Src/Component_1.o
                                      0x7fce1 (size before relaxing)
 .debug_str     0x000000000007f9cf       0xbf ./Core/Src/button.o
                                      0x7fd26 (size before relaxing)
 .debug_str     0x000000000007fa8e      0x132 ./Core/Src/fsm_automatic.o
                                      0x7fe39 (size before relaxing)
 .debug_str     0x000000000007fbc0       0x43 ./Core/Src/fsm_manual.o
                                      0x7fde0 (size before relaxing)
 .debug_str     0x000000000007fc03       0x41 ./Core/Src/fsm_setting.o
                                      0x7fdd8 (size before relaxing)
 .debug_str     0x000000000007fc44       0x60 ./Core/Src/led_traffic.o
                                      0x7fcdb (size before relaxing)
 .debug_str     0x000000000007fca4      0x6df ./Core/Src/main.o
                                      0x8054d (size before relaxing)
 .debug_str     0x0000000000080383       0x50 ./Core/Src/software_timer.o
                                      0x7fc92 (size before relaxing)
 .debug_str     0x00000000000803d3      0x2ba ./Core/Src/stm32f1xx_hal_msp.o
                                      0x80445 (size before relaxing)
 .debug_str     0x000000000008068d       0xcd ./Core/Src/stm32f1xx_it.o
                                      0x801a7 (size before relaxing)
 .debug_str     0x000000000008075a       0x52 ./Core/Src/system_stm32f1xx.o
                                      0x7f76d (size before relaxing)
 .debug_str     0x00000000000807ac       0x36 ./Core/Startup/startup_stm32f103c6tx.o
                                         0x61 (size before relaxing)
 .debug_str     0x00000000000807e2      0x304 ./Drivers/STM32F1xx_HAL_Driver/Src/stm32f1xx_hal.o
                                      0x7fdc4 (size before relaxing)
 .debug_str     0x0000000000080ae6      0x300 ./Drivers/STM32F1xx_HAL_Driver/Src/stm32f1xx_hal_cortex.o
                                      0x7fdcc (size before relaxing)
 .debug_str     0x0000000000080de6      0x31f ./Drivers/STM32F1xx_HAL_Driver/Src/stm32f1xx_hal_gpio.o
                                      0x7fb31 (size before relaxing)
 .debug_str     0x0000000000081105      0x24f ./Drivers/STM32F1xx_HAL_Driver/Src/stm32f1xx_hal_rcc.o
                                      0x7fb6a (size before relaxing)
 .debug_str     0x0000000000081354      0xdde ./Drivers/STM32F1xx_HAL_Driver/Src/stm32f1xx_hal_tim.o
                                      0x80b53 (size before relaxing)
 .debug_str     0x0000000000082132      0x4ee ./Drivers/STM32F1xx_HAL_Driver/Src/stm32f1xx_hal_tim_ex.o
                                      0x802f4 (size before relaxing)

.comment        0x0000000000000000       0x53
 .comment       0x0000000000000000       0x53 ./Core/Src/Component.o
                                         0x54 (size before relaxing)
 .comment       0x0000000000000053       0x54 ./Core/Src/Component_1.o
 .comment       0x0000000000000053       0x54 ./Core/Src/button.o
 .comment       0x0000000000000053       0x54 ./Core/Src/fsm_automatic.o
 .comment       0x0000000000000053       0x54 ./Core/Src/fsm_manual.o
 .comment       0x0000000000000053       0x54 ./Core/Src/fsm_setting.o
 .comment       0x0000000000000053       0x54 ./Core/Src/led_traffic.o
 .comment       0x0000000000000053       0x54 ./Core/Src/main.o
 .comment       0x0000000000000053       0x54 ./Core/Src/software_timer.o
 .comment       0x0000000000000053       0x54 ./Core/Src/stm32f1xx_hal_msp.o
 .comment       0x0000000000000053       0x54 ./Core/Src/stm32f1xx_it.o
 .comment       0x0000000000000053       0x54 ./Core/Src/system_stm32f1xx.o
 .comment       0x0000000000000053       0x54 ./Drivers/STM32F1xx_HAL_Driver/Src/stm32f1xx_hal.o
 .comment       0x0000000000000053       0x54 ./Drivers/STM32F1xx_HAL_Driver/Src/stm32f1xx_hal_cortex.o
 .comment       0x0000000000000053       0x54 ./Drivers/STM32F1xx_HAL_Driver/Src/stm32f1xx_hal_gpio.o
 .comment       0x0000000000000053       0x54 ./Drivers/STM32F1xx_HAL_Driver/Src/stm32f1xx_hal_rcc.o
 .comment       0x0000000000000053       0x54 ./Drivers/STM32F1xx_HAL_Driver/Src/stm32f1xx_hal_tim.o
 .comment       0x0000000000000053       0x54 ./Drivers/STM32F1xx_HAL_Driver/Src/stm32f1xx_hal_tim_ex.o

.debug_frame    0x0000000000000000     0x2af4
 .debug_frame   0x0000000000000000      0x14c ./Core/Src/Component.o
 .debug_frame   0x000000000000014c      0x14c ./Core/Src/Component_1.o
 .debug_frame   0x0000000000000298       0x5c ./Core/Src/button.o
 .debug_frame   0x00000000000002f4       0x70 ./Core/Src/fsm_automatic.o
 .debug_frame   0x0000000000000364       0x34 ./Core/Src/fsm_manual.o
 .debug_frame   0x0000000000000398       0x64 ./Core/Src/fsm_setting.o
 .debug_frame   0x00000000000003fc       0xb8 ./Core/Src/led_traffic.o
 .debug_frame   0x00000000000004b4       0xd4 ./Core/Src/main.o
 .debug_frame   0x0000000000000588       0x7c ./Core/Src/software_timer.o
 .debug_frame   0x0000000000000604       0x80 ./Core/Src/stm32f1xx_hal_msp.o
 .debug_frame   0x0000000000000684      0x120 ./Core/Src/stm32f1xx_it.o
 .debug_frame   0x00000000000007a4       0x58 ./Core/Src/system_stm32f1xx.o
 .debug_frame   0x00000000000007fc      0x334 ./Drivers/STM32F1xx_HAL_Driver/Src/stm32f1xx_hal.o
 .debug_frame   0x0000000000000b30      0x428 ./Drivers/STM32F1xx_HAL_Driver/Src/stm32f1xx_hal_cortex.o
 .debug_frame   0x0000000000000f58      0x14c ./Drivers/STM32F1xx_HAL_Driver/Src/stm32f1xx_hal_gpio.o
 .debug_frame   0x00000000000010a4      0x218 ./Drivers/STM32F1xx_HAL_Driver/Src/stm32f1xx_hal_rcc.o
 .debug_frame   0x00000000000012bc     0x11b4 ./Drivers/STM32F1xx_HAL_Driver/Src/stm32f1xx_hal_tim.o
 .debug_frame   0x0000000000002470      0x638 ./Drivers/STM32F1xx_HAL_Driver/Src/stm32f1xx_hal_tim_ex.o
 .debug_frame   0x0000000000002aa8       0x2c f:/hoc tap/hardware/microcontrol/stm32cubeide_1.7.0/stm32cubeide/plugins/com.st.stm32cube.ide.mcu.externaltools.gnu-tools-for-stm32.9-2020-q2-update.win32_2.0.0.202105311346/tools/bin/../lib/gcc/arm-none-eabi/9.3.1/../../../../arm-none-eabi/lib/thumb/v7-m/nofp\libc_nano.a(lib_a-init.o)
 .debug_frame   0x0000000000002ad4       0x20 f:/hoc tap/hardware/microcontrol/stm32cubeide_1.7.0/stm32cubeide/plugins/com.st.stm32cube.ide.mcu.externaltools.gnu-tools-for-stm32.9-2020-q2-update.win32_2.0.0.202105311346/tools/bin/../lib/gcc/arm-none-eabi/9.3.1/../../../../arm-none-eabi/lib/thumb/v7-m/nofp\libc_nano.a(lib_a-memset.o)
